// Jest Snapshot v1, https://goo.gl/fbAQLP

exports[`renders without crashing 1`] = `
Array [
  <ForwardRef>
    <GlobalStyleComponent />
    <Map
      center={
        Array [
          52.520008,
          13.404954,
        ]
      }
      style={
        Object {
          "height": "100vh",
          "width": "100vw",
        }
      }
      zoom={13}
    >
      <ForwardRef(Leaflet(TileLayer))
        accessToken="pk.eyJ1IjoiYmVybmFyZG9jb3JiZWxsYSIsImEiOiJjanI0eGhkZncxaXQ5NDZxbDBqcWV1MXFvIn0.ypPwUSVXgtwM6J783qMh0g"
        attribution="&copy <a href=\\"http://osm.org/copyright\\">OpenStreetMap</a> contributors"
        id="mapbox.streets"
        url="https://api.tiles.mapbox.com/v4/{id}/{z}/{x}/{y}.png?access_token={accessToken}"
      />
    </Map>
  </ForwardRef>,
]
`;
